<?xml version="1.0" encoding="UTF-8"?>
<TestRun id="ba2f177d-14f9-4473-88b2-5ebe598f0bab" name="Administrator@SWC-IBOOK-VM 2014-02-04 14:46:27" runUser="SWC-IBOOK-VM\Administrator" xmlns="http://microsoft.com/schemas/VisualStudio/TeamTest/2010">
  <TestSettings name="Default Test Settings" id="1e26f73d-fbd2-4e63-837f-222e8033529f">
    <Deployment runDeploymentRoot="Administrator_SWC-IBOOK-VM 2014-02-04 14_46_27">
      <DeploymentItem filename="Z:\Seafile\USU\Classes\cs5200f14\Homework\InstructorSolution\BSvZP\Common\bin\Debug\Common.dll" />
    </Deployment>
    <Execution>
      <TestTypeSpecific />
      <AgentRule name="Execution Agents">
      </AgentRule>
    </Execution>
  </TestSettings>
  <Times creation="2014-02-04T14:46:27.6150000-07:00" queuing="2014-02-04T14:46:27.8980000-07:00" start="2014-02-04T14:46:27.9040000-07:00" finish="2014-02-04T14:46:28.2380000-07:00" />
  <ResultSummary outcome="Completed">
    <Counters total="1" executed="1" passed="1" error="0" failed="0" timeout="0" aborted="0" inconclusive="0" passedButRunAborted="0" notRunnable="0" notExecuted="0" disconnected="0" warning="0" completed="0" inProgress="0" pending="0" />
  </ResultSummary>
  <TestDefinitions>
    <UnitTest name="FieldLocation_Properties" storage="z:\seafile\usu\classes\cs5200f14\homework\instructorsolution\bsvzp\commontester\bin\debug\commontester.dll" id="266e5398-90c3-d2d7-e9e4-19082e4ba198">
      <Execution id="29ff143a-6154-49ef-a464-3c1a92867f22" />
      <TestMethod codeBase="Z:/Seafile/USU/Classes/cs5200f14/Homework/InstructorSolution/BSvZP/CommonTester/bin/Debug/CommonTester.DLL" adapterTypeName="Microsoft.VisualStudio.TestTools.TestTypes.Unit.UnitTestAdapter, Microsoft.VisualStudio.QualityTools.Tips.UnitTest.Adapter, Version=10.0.0.0, Culture=neutral, PublicKeyToken=b03f5f7f11d50a3a" className="CommonTester.FieldLocationTester, CommonTester, Version=1.0.0.0, Culture=neutral, PublicKeyToken=null" name="FieldLocation_Properties" />
    </UnitTest>
  </TestDefinitions>
  <TestLists>
    <TestList name="Results Not in a List" id="8c84fa94-04c1-424b-9868-57a2d4851a1d" />
    <TestList name="All Loaded Results" id="19431567-8539-422a-85d7-44ee4e166bda" />
  </TestLists>
  <TestEntries>
    <TestEntry testId="266e5398-90c3-d2d7-e9e4-19082e4ba198" executionId="29ff143a-6154-49ef-a464-3c1a92867f22" testListId="8c84fa94-04c1-424b-9868-57a2d4851a1d" />
  </TestEntries>
  <Results>
    <UnitTestResult executionId="29ff143a-6154-49ef-a464-3c1a92867f22" testId="266e5398-90c3-d2d7-e9e4-19082e4ba198" testName="FieldLocation_Properties" computerName="SWC-IBOOK-VM" duration="00:00:00.0259319" startTime="2014-02-04T14:46:27.9250000-07:00" endTime="2014-02-04T14:46:28.1570000-07:00" testType="13cdc9d9-ddb5-4fa4-a97d-d965ccfc6d4b" outcome="Passed" testListId="8c84fa94-04c1-424b-9868-57a2d4851a1d" relativeResultsDirectory="29ff143a-6154-49ef-a464-3c1a92867f22">
    </UnitTestResult>
  </Results>
</TestRun>