<?xml version="1.0" encoding="UTF-8"?>
<TestRun id="8c63545e-b999-4dfe-b5e2-c7a1e1480474" name="Administrator@SWC-IBOOK-VM 2014-02-04 14:45:38" runUser="SWC-IBOOK-VM\Administrator" xmlns="http://microsoft.com/schemas/VisualStudio/TeamTest/2010">
  <TestSettings name="Default Test Settings" id="e8f0c7dd-8653-4dca-b0dd-96bde30201c6">
    <Deployment runDeploymentRoot="Administrator_SWC-IBOOK-VM 2014-02-04 14_45_38">
      <DeploymentItem filename="Z:\Seafile\USU\Classes\cs5200f14\Homework\InstructorSolution\BSvZP\Common\bin\Debug\Common.dll" />
    </Deployment>
    <Execution>
      <TestTypeSpecific />
      <AgentRule name="Execution Agents">
      </AgentRule>
    </Execution>
  </TestSettings>
  <Times creation="2014-02-04T14:45:38.8528000-07:00" queuing="2014-02-04T14:45:39.1562000-07:00" start="2014-02-04T14:45:39.1562000-07:00" finish="2014-02-04T14:45:39.4838000-07:00" />
  <ResultSummary outcome="Failed">
    <Counters total="1" executed="1" error="0" failed="1" timeout="0" aborted="0" inconclusive="0" passedButRunAborted="0" notRunnable="0" notExecuted="0" disconnected="0" warning="0" passed="0" completed="0" inProgress="0" pending="0" />
  </ResultSummary>
  <TestDefinitions>
    <UnitTest name="FieldLocation_Properties" storage="z:\seafile\usu\classes\cs5200f14\homework\instructorsolution\bsvzp\commontester\bin\debug\commontester.dll" id="266e5398-90c3-d2d7-e9e4-19082e4ba198">
      <Execution id="9c6ddb30-8532-4568-ac33-184214e35c09" />
      <TestMethod codeBase="Z:/Seafile/USU/Classes/cs5200f14/Homework/InstructorSolution/BSvZP/CommonTester/bin/Debug/CommonTester.DLL" adapterTypeName="Microsoft.VisualStudio.TestTools.TestTypes.Unit.UnitTestAdapter, Microsoft.VisualStudio.QualityTools.Tips.UnitTest.Adapter, Version=10.0.0.0, Culture=neutral, PublicKeyToken=b03f5f7f11d50a3a" className="CommonTester.FieldLocationTester, CommonTester, Version=1.0.0.0, Culture=neutral, PublicKeyToken=null" name="FieldLocation_Properties" />
    </UnitTest>
  </TestDefinitions>
  <TestLists>
    <TestList name="Results Not in a List" id="8c84fa94-04c1-424b-9868-57a2d4851a1d" />
    <TestList name="All Loaded Results" id="19431567-8539-422a-85d7-44ee4e166bda" />
  </TestLists>
  <TestEntries>
    <TestEntry testId="266e5398-90c3-d2d7-e9e4-19082e4ba198" executionId="9c6ddb30-8532-4568-ac33-184214e35c09" testListId="8c84fa94-04c1-424b-9868-57a2d4851a1d" />
  </TestEntries>
  <Results>
    <UnitTestResult executionId="9c6ddb30-8532-4568-ac33-184214e35c09" testId="266e5398-90c3-d2d7-e9e4-19082e4ba198" testName="FieldLocation_Properties" computerName="SWC-IBOOK-VM" duration="00:00:00.0372764" startTime="2014-02-04T14:45:39.2342000-07:00" endTime="2014-02-04T14:45:39.4526000-07:00" testType="13cdc9d9-ddb5-4fa4-a97d-d965ccfc6d4b" outcome="Failed" testListId="8c84fa94-04c1-424b-9868-57a2d4851a1d" relativeResultsDirectory="9c6ddb30-8532-4568-ac33-184214e35c09">
      <Output>
        <ErrorInfo>
          <Message>Assert.AreEqual failed. Expected:&lt;0&gt;. Actual:&lt;10&gt;. </Message>
          <StackTrace>   at CommonTester.FieldLocationTester.FieldLocation_Properties() in Z:\Seafile\USU\Classes\cs5200f14\Homework\InstructorSolution\BSvZP\CommonTester\FieldLocationTester.cs:line 92
</StackTrace>
        </ErrorInfo>
      </Output>
    </UnitTestResult>
  </Results>
</TestRun>