<?xml version="1.0" encoding="UTF-8"?>
<TestRun id="8f848f3a-dcb3-43c4-bad1-7e5f7a06fd0d" name="Administrator@SWC-IBOOK-VM 2014-02-04 14:35:41" runUser="SWC-IBOOK-VM\Administrator" xmlns="http://microsoft.com/schemas/VisualStudio/TeamTest/2010">
  <TestSettings name="Default Test Settings" id="9db1c20f-f8ee-4f51-9ae4-61a718d22d19">
    <Deployment runDeploymentRoot="Administrator_SWC-IBOOK-VM 2014-02-04 14_35_41">
      <DeploymentItem filename="Z:\Seafile\USU\Classes\cs5200f14\Homework\InstructorSolution\BSvZP\Common\bin\Debug\Common.dll" />
    </Deployment>
    <Execution>
      <TestTypeSpecific />
      <AgentRule name="Execution Agents">
      </AgentRule>
    </Execution>
  </TestSettings>
  <Times creation="2014-02-04T14:35:41.4772000-07:00" queuing="2014-02-04T14:35:44.7704000-07:00" start="2014-02-04T14:35:44.9888000-07:00" finish="2014-02-04T14:35:45.5972000-07:00" />
  <ResultSummary outcome="Failed">
    <Counters total="1" executed="1" error="0" failed="1" timeout="0" aborted="0" inconclusive="0" passedButRunAborted="0" notRunnable="0" notExecuted="0" disconnected="0" warning="0" passed="0" completed="0" inProgress="0" pending="0" />
  </ResultSummary>
  <TestDefinitions>
    <UnitTest name="FieldLocaction_TestContructors" storage="z:\seafile\usu\classes\cs5200f14\homework\instructorsolution\bsvzp\commontester\bin\debug\commontester.dll" id="bba5a39a-44b4-0736-3f77-e3e10e47dd12">
      <Execution id="0a1d260e-70f5-46a3-a1d8-0903525c6f94" />
      <TestMethod codeBase="Z:/Seafile/USU/Classes/cs5200f14/Homework/InstructorSolution/BSvZP/CommonTester/bin/Debug/CommonTester.DLL" adapterTypeName="Microsoft.VisualStudio.TestTools.TestTypes.Unit.UnitTestAdapter, Microsoft.VisualStudio.QualityTools.Tips.UnitTest.Adapter, Version=10.0.0.0, Culture=neutral, PublicKeyToken=b03f5f7f11d50a3a" className="CommonTester.FieldLocationTester, CommonTester, Version=1.0.0.0, Culture=neutral, PublicKeyToken=null" name="FieldLocaction_TestContructors" />
    </UnitTest>
  </TestDefinitions>
  <TestLists>
    <TestList name="Results Not in a List" id="8c84fa94-04c1-424b-9868-57a2d4851a1d" />
    <TestList name="All Loaded Results" id="19431567-8539-422a-85d7-44ee4e166bda" />
  </TestLists>
  <TestEntries>
    <TestEntry testId="bba5a39a-44b4-0736-3f77-e3e10e47dd12" executionId="0a1d260e-70f5-46a3-a1d8-0903525c6f94" testListId="8c84fa94-04c1-424b-9868-57a2d4851a1d" />
  </TestEntries>
  <Results>
    <UnitTestResult executionId="0a1d260e-70f5-46a3-a1d8-0903525c6f94" testId="bba5a39a-44b4-0736-3f77-e3e10e47dd12" testName="FieldLocaction_TestContructors" computerName="SWC-IBOOK-VM" duration="00:00:00.1382104" startTime="2014-02-04T14:35:45.0980000-07:00" endTime="2014-02-04T14:35:45.5192000-07:00" testType="13cdc9d9-ddb5-4fa4-a97d-d965ccfc6d4b" outcome="Failed" testListId="8c84fa94-04c1-424b-9868-57a2d4851a1d" relativeResultsDirectory="0a1d260e-70f5-46a3-a1d8-0903525c6f94">
      <Output>
        <ErrorInfo>
          <Message>Assert.AreEqual failed. Expected:&lt;-10&gt;. Actual:&lt;-20&gt;. </Message>
          <StackTrace>   at CommonTester.FieldLocationTester.FieldLocaction_TestContructors() in Z:\Seafile\USU\Classes\cs5200f14\Homework\InstructorSolution\BSvZP\CommonTester\FieldLocationTester.cs:line 28
</StackTrace>
        </ErrorInfo>
      </Output>
    </UnitTestResult>
  </Results>
</TestRun>